// Jest Snapshot v1, https://goo.gl/fbAQLP

exports[`<App /> Should renders snapshot 1`] = `
<RNCSafeAreaView
  edges={
    {
      "bottom": "additive",
      "left": "additive",
      "right": "additive",
      "top": "additive",
    }
  }
  style={
    {
      "flex": 1,
    }
  }
>
  <View
    style={
      [
        {
          "alignItems": "center",
          "flex": 1,
          "justifyContent": "center",
        },
        {
          "backgroundColor": "#FFFFFF",
        },
      ]
    }
  >
    <View>
      <Text
        style={
          [
            {
              "fontSize": 20,
              "fontWeight": "bold",
            },
            {
              "color": "#000000",
            },
          ]
        }
      >
        Welcome to React Native!
      </Text>
    </View>
  </View>
</RNCSafeAreaView>
`;
