// Jest Snapshot v1, https://goo.gl/fbAQLP

exports[`<StatusBar /> Should renders snapshot 1`] = `null`;
